[0.851s] Invoking command in '/home/muntaham/new_ws/src/new_pkg': DEBUGINFOD_URLS=https://debuginfod.ubuntu.com PYTHONPATH=/home/muntaham/new_ws/build/new_pkg/prefix_override:/usr/lib/python3/dist-packages/colcon_core/task/python/colcon_distutils_commands:/home/muntaham/new_ws/install/new_pkg/lib/python3.12/site-packages:${PYTHONPATH} /usr/bin/python3 -W ignore:setup.py install is deprecated setup.py egg_info --egg-base ../../build/new_pkg build --build-base /home/muntaham/new_ws/build/new_pkg/build install --record /home/muntaham/new_ws/build/new_pkg/install.log --single-version-externally-managed install_data
[1.133s] running egg_info
[1.152s] writing ../../build/new_pkg/new_pkg.egg-info/PKG-INFO
[1.152s] writing dependency_links to ../../build/new_pkg/new_pkg.egg-info/dependency_links.txt
[1.153s] writing entry points to ../../build/new_pkg/new_pkg.egg-info/entry_points.txt
[1.153s] writing requirements to ../../build/new_pkg/new_pkg.egg-info/requires.txt
[1.153s] writing top-level names to ../../build/new_pkg/new_pkg.egg-info/top_level.txt
[1.190s] reading manifest file '../../build/new_pkg/new_pkg.egg-info/SOURCES.txt'
[1.191s] writing manifest file '../../build/new_pkg/new_pkg.egg-info/SOURCES.txt'
[1.191s] running build
[1.191s] running build_py
[1.191s] copying new_pkg/mode_runner.py -> /home/muntaham/new_ws/build/new_pkg/build/lib/new_pkg
[1.192s] running install
[1.199s] running install_lib
[1.219s] copying /home/muntaham/new_ws/build/new_pkg/build/lib/new_pkg/mode_runner.py -> /home/muntaham/new_ws/install/new_pkg/lib/python3.12/site-packages/new_pkg
[1.220s] byte-compiling /home/muntaham/new_ws/install/new_pkg/lib/python3.12/site-packages/new_pkg/mode_runner.py to mode_runner.cpython-312.pyc
[1.221s] running install_data
[1.221s] running install_egg_info
[1.243s] removing '/home/muntaham/new_ws/install/new_pkg/lib/python3.12/site-packages/new_pkg-1.0.0-py3.12.egg-info' (and everything under it)
[1.243s] Copying ../../build/new_pkg/new_pkg.egg-info to /home/muntaham/new_ws/install/new_pkg/lib/python3.12/site-packages/new_pkg-1.0.0-py3.12.egg-info
[1.244s] running install_scripts
[1.375s] Installing puber script to /home/muntaham/new_ws/install/new_pkg/lib/new_pkg
[1.375s] Installing puber2 script to /home/muntaham/new_ws/install/new_pkg/lib/new_pkg
[1.375s] writing list of installed files to '/home/muntaham/new_ws/build/new_pkg/install.log'
[1.404s] Invoked command in '/home/muntaham/new_ws/src/new_pkg' returned '0': DEBUGINFOD_URLS=https://debuginfod.ubuntu.com PYTHONPATH=/home/muntaham/new_ws/build/new_pkg/prefix_override:/usr/lib/python3/dist-packages/colcon_core/task/python/colcon_distutils_commands:/home/muntaham/new_ws/install/new_pkg/lib/python3.12/site-packages:${PYTHONPATH} /usr/bin/python3 -W ignore:setup.py install is deprecated setup.py egg_info --egg-base ../../build/new_pkg build --build-base /home/muntaham/new_ws/build/new_pkg/build install --record /home/muntaham/new_ws/build/new_pkg/install.log --single-version-externally-managed install_data
