[0.647s] Invoking command in '/home/muntaham/new_ws/src/new_pkg': DEBUGINFOD_URLS=https://debuginfod.ubuntu.com PYTHONPATH=/home/muntaham/new_ws/build/new_pkg/prefix_override:/usr/lib/python3/dist-packages/colcon_core/task/python/colcon_distutils_commands:/home/muntaham/new_ws/install/new_pkg/lib/python3.12/site-packages:${PYTHONPATH} /usr/bin/python3 -W ignore:setup.py install is deprecated setup.py egg_info --egg-base ../../build/new_pkg build --build-base /home/muntaham/new_ws/build/new_pkg/build install --record /home/muntaham/new_ws/build/new_pkg/install.log --single-version-externally-managed install_data
[0.826s] running egg_info
[0.838s] writing ../../build/new_pkg/new_pkg.egg-info/PKG-INFO
[0.838s] writing dependency_links to ../../build/new_pkg/new_pkg.egg-info/dependency_links.txt
[0.838s] writing entry points to ../../build/new_pkg/new_pkg.egg-info/entry_points.txt
[0.838s] writing requirements to ../../build/new_pkg/new_pkg.egg-info/requires.txt
[0.838s] writing top-level names to ../../build/new_pkg/new_pkg.egg-info/top_level.txt
[0.862s] reading manifest file '../../build/new_pkg/new_pkg.egg-info/SOURCES.txt'
[0.863s] writing manifest file '../../build/new_pkg/new_pkg.egg-info/SOURCES.txt'
[0.863s] running build
[0.863s] running build_py
[0.863s] copying new_pkg/pub2.py -> /home/muntaham/new_ws/build/new_pkg/build/lib/new_pkg
[0.863s] copying new_pkg/mode_runner.py -> /home/muntaham/new_ws/build/new_pkg/build/lib/new_pkg
[0.863s] running install
[0.867s] running install_lib
[0.879s] copying /home/muntaham/new_ws/build/new_pkg/build/lib/new_pkg/pub2.py -> /home/muntaham/new_ws/install/new_pkg/lib/python3.12/site-packages/new_pkg
[0.879s] copying /home/muntaham/new_ws/build/new_pkg/build/lib/new_pkg/mode_runner.py -> /home/muntaham/new_ws/install/new_pkg/lib/python3.12/site-packages/new_pkg
[0.879s] byte-compiling /home/muntaham/new_ws/install/new_pkg/lib/python3.12/site-packages/new_pkg/pub2.py to pub2.cpython-312.pyc
[0.880s] byte-compiling /home/muntaham/new_ws/install/new_pkg/lib/python3.12/site-packages/new_pkg/mode_runner.py to mode_runner.cpython-312.pyc
[0.880s] running install_data
[0.880s] copying package.xml -> /home/muntaham/new_ws/install/new_pkg/share/new_pkg
[0.880s] running install_egg_info
[0.893s] removing '/home/muntaham/new_ws/install/new_pkg/lib/python3.12/site-packages/new_pkg-1.0.0-py3.12.egg-info' (and everything under it)
[0.893s] Copying ../../build/new_pkg/new_pkg.egg-info to /home/muntaham/new_ws/install/new_pkg/lib/python3.12/site-packages/new_pkg-1.0.0-py3.12.egg-info
[0.894s] running install_scripts
[0.975s] Installing puber script to /home/muntaham/new_ws/install/new_pkg/lib/new_pkg
[0.975s] Installing puber2 script to /home/muntaham/new_ws/install/new_pkg/lib/new_pkg
[0.975s] Installing puber3 script to /home/muntaham/new_ws/install/new_pkg/lib/new_pkg
[0.976s] writing list of installed files to '/home/muntaham/new_ws/build/new_pkg/install.log'
[0.993s] Invoked command in '/home/muntaham/new_ws/src/new_pkg' returned '0': DEBUGINFOD_URLS=https://debuginfod.ubuntu.com PYTHONPATH=/home/muntaham/new_ws/build/new_pkg/prefix_override:/usr/lib/python3/dist-packages/colcon_core/task/python/colcon_distutils_commands:/home/muntaham/new_ws/install/new_pkg/lib/python3.12/site-packages:${PYTHONPATH} /usr/bin/python3 -W ignore:setup.py install is deprecated setup.py egg_info --egg-base ../../build/new_pkg build --build-base /home/muntaham/new_ws/build/new_pkg/build install --record /home/muntaham/new_ws/build/new_pkg/install.log --single-version-externally-managed install_data
