[0.846s] Invoking command in '/home/muntaham/new_ws/src/new_pkg': DEBUGINFOD_URLS=https://debuginfod.ubuntu.com PYTHONPATH=/home/muntaham/new_ws/build/new_pkg/prefix_override:/usr/lib/python3/dist-packages/colcon_core/task/python/colcon_distutils_commands:/home/muntaham/new_ws/install/new_pkg/lib/python3.12/site-packages:${PYTHONPATH} /usr/bin/python3 -W ignore:setup.py install is deprecated setup.py egg_info --egg-base ../../build/new_pkg build --build-base /home/muntaham/new_ws/build/new_pkg/build install --record /home/muntaham/new_ws/build/new_pkg/install.log --single-version-externally-managed install_data
[1.133s] running egg_info
[1.151s] writing ../../build/new_pkg/new_pkg.egg-info/PKG-INFO
[1.151s] writing dependency_links to ../../build/new_pkg/new_pkg.egg-info/dependency_links.txt
[1.151s] writing entry points to ../../build/new_pkg/new_pkg.egg-info/entry_points.txt
[1.152s] writing requirements to ../../build/new_pkg/new_pkg.egg-info/requires.txt
[1.152s] writing top-level names to ../../build/new_pkg/new_pkg.egg-info/top_level.txt
[1.188s] reading manifest file '../../build/new_pkg/new_pkg.egg-info/SOURCES.txt'
[1.189s] writing manifest file '../../build/new_pkg/new_pkg.egg-info/SOURCES.txt'
[1.189s] running build
[1.189s] running build_py
[1.189s] running install
[1.196s] running install_lib
[1.217s] running install_data
[1.217s] running install_egg_info
[1.238s] removing '/home/muntaham/new_ws/install/new_pkg/lib/python3.12/site-packages/new_pkg-0.0.0-py3.12.egg-info' (and everything under it)
[1.239s] Copying ../../build/new_pkg/new_pkg.egg-info to /home/muntaham/new_ws/install/new_pkg/lib/python3.12/site-packages/new_pkg-0.0.0-py3.12.egg-info
[1.239s] running install_scripts
[1.372s] Installing puber script to /home/muntaham/new_ws/install/new_pkg/lib/new_pkg
[1.372s] writing list of installed files to '/home/muntaham/new_ws/build/new_pkg/install.log'
[1.400s] Invoked command in '/home/muntaham/new_ws/src/new_pkg' returned '0': DEBUGINFOD_URLS=https://debuginfod.ubuntu.com PYTHONPATH=/home/muntaham/new_ws/build/new_pkg/prefix_override:/usr/lib/python3/dist-packages/colcon_core/task/python/colcon_distutils_commands:/home/muntaham/new_ws/install/new_pkg/lib/python3.12/site-packages:${PYTHONPATH} /usr/bin/python3 -W ignore:setup.py install is deprecated setup.py egg_info --egg-base ../../build/new_pkg build --build-base /home/muntaham/new_ws/build/new_pkg/build install --record /home/muntaham/new_ws/build/new_pkg/install.log --single-version-externally-managed install_data
