/home/muntaham/new_ws/install/new_pkg/lib/python3.12/site-packages/new_pkg/pub2.py
/home/muntaham/new_ws/install/new_pkg/lib/python3.12/site-packages/new_pkg/__init__.py
/home/muntaham/new_ws/install/new_pkg/lib/python3.12/site-packages/new_pkg/mode_runner.py
/home/muntaham/new_ws/install/new_pkg/lib/python3.12/site-packages/new_pkg/pub1.py
/home/muntaham/new_ws/install/new_pkg/lib/python3.12/site-packages/new_pkg/__pycache__/pub2.cpython-312.pyc
/home/muntaham/new_ws/install/new_pkg/lib/python3.12/site-packages/new_pkg/__pycache__/__init__.cpython-312.pyc
/home/muntaham/new_ws/install/new_pkg/lib/python3.12/site-packages/new_pkg/__pycache__/mode_runner.cpython-312.pyc
/home/muntaham/new_ws/install/new_pkg/lib/python3.12/site-packages/new_pkg/__pycache__/pub1.cpython-312.pyc
/home/muntaham/new_ws/install/new_pkg/share/ament_index/resource_index/packages/new_pkg
/home/muntaham/new_ws/install/new_pkg/share/new_pkg/package.xml
/home/muntaham/new_ws/install/new_pkg/lib/python3.12/site-packages/new_pkg-1.0.0-py3.12.egg-info/entry_points.txt
/home/muntaham/new_ws/install/new_pkg/lib/python3.12/site-packages/new_pkg-1.0.0-py3.12.egg-info/SOURCES.txt
/home/muntaham/new_ws/install/new_pkg/lib/python3.12/site-packages/new_pkg-1.0.0-py3.12.egg-info/top_level.txt
/home/muntaham/new_ws/install/new_pkg/lib/python3.12/site-packages/new_pkg-1.0.0-py3.12.egg-info/dependency_links.txt
/home/muntaham/new_ws/install/new_pkg/lib/python3.12/site-packages/new_pkg-1.0.0-py3.12.egg-info/zip-safe
/home/muntaham/new_ws/install/new_pkg/lib/python3.12/site-packages/new_pkg-1.0.0-py3.12.egg-info/PKG-INFO
/home/muntaham/new_ws/install/new_pkg/lib/python3.12/site-packages/new_pkg-1.0.0-py3.12.egg-info/requires.txt
/home/muntaham/new_ws/install/new_pkg/lib/new_pkg/puber
/home/muntaham/new_ws/install/new_pkg/lib/new_pkg/puber2
/home/muntaham/new_ws/install/new_pkg/lib/new_pkg/puber3
