[0.531s] Invoking command in '/home/muntaham/new_ws/src/new_pkg': DEBUGINFOD_URLS=https://debuginfod.ubuntu.com PYTHONPATH=/home/muntaham/new_ws/build/new_pkg/prefix_override:/usr/lib/python3/dist-packages/colcon_core/task/python/colcon_distutils_commands:/home/muntaham/new_ws/install/new_pkg/lib/python3.12/site-packages:${PYTHONPATH} /usr/bin/python3 -W ignore:setup.py install is deprecated setup.py egg_info --egg-base ../../build/new_pkg build --build-base /home/muntaham/new_ws/build/new_pkg/build install --record /home/muntaham/new_ws/build/new_pkg/install.log --single-version-externally-managed install_data
[0.706s] running egg_info
[0.718s] writing ../../build/new_pkg/new_pkg.egg-info/PKG-INFO
[0.718s] writing dependency_links to ../../build/new_pkg/new_pkg.egg-info/dependency_links.txt
[0.718s] writing entry points to ../../build/new_pkg/new_pkg.egg-info/entry_points.txt
[0.718s] writing requirements to ../../build/new_pkg/new_pkg.egg-info/requires.txt
[0.719s] writing top-level names to ../../build/new_pkg/new_pkg.egg-info/top_level.txt
[0.742s] reading manifest file '../../build/new_pkg/new_pkg.egg-info/SOURCES.txt'
[0.742s] writing manifest file '../../build/new_pkg/new_pkg.egg-info/SOURCES.txt'
[0.742s] running build
[0.742s] running build_py
[0.742s] copying new_pkg/mode_runner.py -> /home/muntaham/new_ws/build/new_pkg/build/lib/new_pkg
[0.743s] running install
[0.747s] running install_lib
[0.758s] copying /home/muntaham/new_ws/build/new_pkg/build/lib/new_pkg/mode_runner.py -> /home/muntaham/new_ws/install/new_pkg/lib/python3.12/site-packages/new_pkg
[0.759s] byte-compiling /home/muntaham/new_ws/install/new_pkg/lib/python3.12/site-packages/new_pkg/mode_runner.py to mode_runner.cpython-312.pyc
[0.759s] running install_data
[0.759s] running install_egg_info
[0.772s] removing '/home/muntaham/new_ws/install/new_pkg/lib/python3.12/site-packages/new_pkg-1.0.0-py3.12.egg-info' (and everything under it)
[0.772s] Copying ../../build/new_pkg/new_pkg.egg-info to /home/muntaham/new_ws/install/new_pkg/lib/python3.12/site-packages/new_pkg-1.0.0-py3.12.egg-info
[0.772s] running install_scripts
[0.856s] Installing puber script to /home/muntaham/new_ws/install/new_pkg/lib/new_pkg
[0.856s] Installing puber2 script to /home/muntaham/new_ws/install/new_pkg/lib/new_pkg
[0.856s] Installing puber3 script to /home/muntaham/new_ws/install/new_pkg/lib/new_pkg
[0.856s] writing list of installed files to '/home/muntaham/new_ws/build/new_pkg/install.log'
[0.876s] Invoked command in '/home/muntaham/new_ws/src/new_pkg' returned '0': DEBUGINFOD_URLS=https://debuginfod.ubuntu.com PYTHONPATH=/home/muntaham/new_ws/build/new_pkg/prefix_override:/usr/lib/python3/dist-packages/colcon_core/task/python/colcon_distutils_commands:/home/muntaham/new_ws/install/new_pkg/lib/python3.12/site-packages:${PYTHONPATH} /usr/bin/python3 -W ignore:setup.py install is deprecated setup.py egg_info --egg-base ../../build/new_pkg build --build-base /home/muntaham/new_ws/build/new_pkg/build install --record /home/muntaham/new_ws/build/new_pkg/install.log --single-version-externally-managed install_data
