[0.866s] Invoking command in '/home/muntaham/new_ws/src/new_pkg': DEBUGINFOD_URLS=https://debuginfod.ubuntu.com PYTHONPATH=/home/muntaham/new_ws/build/new_pkg/prefix_override:/usr/lib/python3/dist-packages/colcon_core/task/python/colcon_distutils_commands:/home/muntaham/new_ws/install/new_pkg/lib/python3.12/site-packages:${PYTHONPATH} /usr/bin/python3 -W ignore:setup.py install is deprecated setup.py egg_info --egg-base ../../build/new_pkg build --build-base /home/muntaham/new_ws/build/new_pkg/build install --record /home/muntaham/new_ws/build/new_pkg/install.log --single-version-externally-managed install_data
[1.151s] running egg_info
[1.168s] writing ../../build/new_pkg/new_pkg.egg-info/PKG-INFO
[1.169s] writing dependency_links to ../../build/new_pkg/new_pkg.egg-info/dependency_links.txt
[1.169s] writing entry points to ../../build/new_pkg/new_pkg.egg-info/entry_points.txt
[1.169s] writing requirements to ../../build/new_pkg/new_pkg.egg-info/requires.txt
[1.169s] writing top-level names to ../../build/new_pkg/new_pkg.egg-info/top_level.txt
[1.206s] reading manifest file '../../build/new_pkg/new_pkg.egg-info/SOURCES.txt'
[1.207s] writing manifest file '../../build/new_pkg/new_pkg.egg-info/SOURCES.txt'
[1.207s] running build
[1.207s] running build_py
[1.208s] copying new_pkg/mode_runner.py -> /home/muntaham/new_ws/build/new_pkg/build/lib/new_pkg
[1.208s] running install
[1.215s] running install_lib
[1.235s] copying /home/muntaham/new_ws/build/new_pkg/build/lib/new_pkg/mode_runner.py -> /home/muntaham/new_ws/install/new_pkg/lib/python3.12/site-packages/new_pkg
[1.236s] byte-compiling /home/muntaham/new_ws/install/new_pkg/lib/python3.12/site-packages/new_pkg/mode_runner.py to mode_runner.cpython-312.pyc
[1.237s] running install_data
[1.237s] running install_egg_info
[1.257s] removing '/home/muntaham/new_ws/install/new_pkg/lib/python3.12/site-packages/new_pkg-1.0.0-py3.12.egg-info' (and everything under it)
[1.258s] Copying ../../build/new_pkg/new_pkg.egg-info to /home/muntaham/new_ws/install/new_pkg/lib/python3.12/site-packages/new_pkg-1.0.0-py3.12.egg-info
[1.258s] running install_scripts
[1.388s] Installing puber script to /home/muntaham/new_ws/install/new_pkg/lib/new_pkg
[1.388s] Installing puber2 script to /home/muntaham/new_ws/install/new_pkg/lib/new_pkg
[1.389s] Installing puber3 script to /home/muntaham/new_ws/install/new_pkg/lib/new_pkg
[1.389s] writing list of installed files to '/home/muntaham/new_ws/build/new_pkg/install.log'
[1.420s] Invoked command in '/home/muntaham/new_ws/src/new_pkg' returned '0': DEBUGINFOD_URLS=https://debuginfod.ubuntu.com PYTHONPATH=/home/muntaham/new_ws/build/new_pkg/prefix_override:/usr/lib/python3/dist-packages/colcon_core/task/python/colcon_distutils_commands:/home/muntaham/new_ws/install/new_pkg/lib/python3.12/site-packages:${PYTHONPATH} /usr/bin/python3 -W ignore:setup.py install is deprecated setup.py egg_info --egg-base ../../build/new_pkg build --build-base /home/muntaham/new_ws/build/new_pkg/build install --record /home/muntaham/new_ws/build/new_pkg/install.log --single-version-externally-managed install_data
